\BOOKMARK [1][-]{section.1}{\376\377\000E\000x\000e\000c\000u\000t\000i\000v\000e\000\040\000S\000u\000m\000m\000a\000r\000y}{}% 1
\BOOKMARK [1][-]{section.2}{\376\377\000A\000d\000v\000i\000s\000o\000r\000\040\000F\000e\000e\000d\000b\000a\000c\000k\000\040\000\046\000\040\000M\000o\000d\000e\000l\000i\000s\000a\000t\000i\000o\000n\000\040\000R\000e\000f\000i\000n\000e\000m\000e\000n\000t}{}% 2
\BOOKMARK [2][-]{subsection.2.1}{\376\377\000F\000e\000e\000d\000b\000a\000c\000k\000\040\000R\000e\000c\000e\000i\000v\000e\000d}{section.2}% 3
\BOOKMARK [2][-]{subsection.2.2}{\376\377\000C\000h\000a\000n\000g\000e\000s\000\040\000I\000m\000p\000l\000e\000m\000e\000n\000t\000e\000d}{section.2}% 4
\BOOKMARK [1][-]{section.3}{\376\377\000S\000u\000p\000p\000l\000y\000\040\000C\000h\000a\000i\000n\000\040\000M\000o\000d\000e\000l\000i\000s\000a\000t\000i\000o\000n}{}% 5
\BOOKMARK [2][-]{subsection.3.1}{\376\377\000B\000u\000s\000i\000n\000e\000s\000s\000\040\000C\000o\000n\000t\000e\000x\000t\000:\000\040\000S\000i\000a\000m\000\040\000M\000a\000n\000g\000o\000\040\000C\000o\000.}{section.3}% 6
\BOOKMARK [2][-]{subsection.3.2}{\376\377\000E\000n\000t\000i\000t\000y\000\040\000M\000o\000d\000e\000l}{section.3}% 7
\BOOKMARK [3][-]{subsubsection.3.2.1}{\376\377\000P\000r\000o\000c\000u\000r\000e\000m\000e\000n\000t\000\040\000D\000o\000m\000a\000i\000n\000\040\000\050\000S\000R\000M\000\051}{subsection.3.2}% 8
\BOOKMARK [3][-]{subsubsection.3.2.2}{\376\377\000I\000n\000v\000e\000n\000t\000o\000r\000y\000\040\000D\000o\000m\000a\000i\000n\000\040\000\050\000W\000M\000S\000\051}{subsection.3.2}% 9
\BOOKMARK [3][-]{subsubsection.3.2.3}{\376\377\000S\000a\000l\000e\000s\000\040\000D\000o\000m\000a\000i\000n\000\040\000\050\000O\000M\000S\000\051}{subsection.3.2}% 10
\BOOKMARK [3][-]{subsubsection.3.2.4}{\376\377\000S\000h\000i\000p\000p\000i\000n\000g\000\040\000D\000o\000m\000a\000i\000n\000\040\000\050\000T\000M\000S\000\051}{subsection.3.2}% 11
\BOOKMARK [2][-]{subsection.3.3}{\376\377\000C\000r\000o\000s\000s\000-\000S\000y\000s\000t\000e\000m\000\040\000R\000e\000l\000a\000t\000i\000o\000n\000s\000h\000i\000p\000s}{section.3}% 12
\BOOKMARK [2][-]{subsection.3.4}{\376\377\000D\000a\000t\000a\000\040\000S\000c\000a\000l\000e}{section.3}% 13
\BOOKMARK [1][-]{section.4}{\376\377\000A\000r\000c\000h\000i\000t\000e\000c\000t\000u\000r\000e\000\040\000\046\000\040\000I\000m\000p\000l\000e\000m\000e\000n\000t\000a\000t\000i\000o\000n}{}% 14
\BOOKMARK [2][-]{subsection.4.1}{\376\377\000C\000l\000e\000a\000n\000\040\000A\000r\000c\000h\000i\000t\000e\000c\000t\000u\000r\000e\000\040\000i\000n\000\040\000G\000o}{section.4}% 15
\BOOKMARK [2][-]{subsection.4.2}{\376\377\000M\000C\000P\000\040\000I\000n\000t\000e\000g\000r\000a\000t\000i\000o\000n}{section.4}% 16
\BOOKMARK [2][-]{subsection.4.3}{\376\377\000A\000g\000e\000n\000t\000\040\000C\000o\000n\000f\000i\000g\000u\000r\000a\000t\000i\000o\000n}{section.4}% 17
\BOOKMARK [1][-]{section.5}{\376\377\000F\000i\000r\000s\000t\000\040\000R\000e\000s\000u\000l\000t\000s\000:\000\040\000A\000g\000e\000n\000t\000\040\000P\000e\000r\000f\000o\000r\000m\000a\000n\000c\000e}{}% 18
\BOOKMARK [2][-]{subsection.5.1}{\376\377\000E\000v\000a\000l\000u\000a\000t\000i\000o\000n\000\040\000F\000r\000a\000m\000e\000w\000o\000r\000k}{section.5}% 19
\BOOKMARK [2][-]{subsection.5.2}{\376\377\000Q\000u\000a\000l\000i\000t\000a\000t\000i\000v\000e\000\040\000R\000e\000s\000u\000l\000t\000s}{section.5}% 20
\BOOKMARK [2][-]{subsection.5.3}{\376\377\000D\000e\000t\000a\000i\000l\000e\000d\000\040\000R\000e\000s\000u\000l\000t\000s}{section.5}% 21
\BOOKMARK [3][-]{subsubsection.5.3.1}{\376\377\000C\000r\000o\000s\000s\000-\000S\000y\000s\000t\000e\000m\000\040\000D\000i\000a\000g\000n\000o\000s\000t\000i\000c\000\040\000\050\000S\000H\000P\000-\0000\0000\0009\000\040\000C\000a\000r\000r\000i\000e\000r\000\040\000M\000i\000s\000m\000a\000t\000c\000h\000\051}{subsection.5.3}% 22
\BOOKMARK [3][-]{subsubsection.5.3.2}{\376\377\000F\000u\000l\000l\000\040\000S\000u\000p\000p\000l\000y\000\040\000C\000h\000a\000i\000n\000\040\000T\000r\000a\000c\000i\000n\000g\000\040\000\050\000P\000R\000O\000D\000-\0000\0000\0001\000\040\000H\000i\000s\000t\000o\000r\000y\000\051}{subsection.5.3}% 23
\BOOKMARK [3][-]{subsubsection.5.3.3}{\376\377\000C\000o\000m\000p\000l\000e\000x\000\040\000F\000u\000l\000f\000i\000l\000l\000m\000e\000n\000t\000\040\000A\000n\000a\000l\000y\000s\000i\000s\000\040\000\050\000O\000R\000D\000-\0000\0002\0008\000\051}{subsection.5.3}% 24
\BOOKMARK [2][-]{subsection.5.4}{\376\377\000K\000e\000y\000\040\000O\000b\000s\000e\000r\000v\000a\000t\000i\000o\000n\000s}{section.5}% 25
\BOOKMARK [1][-]{section.6}{\376\377\000E\000v\000a\000l\000u\000a\000t\000i\000o\000n\000\040\000M\000o\000d\000u\000l\000e}{}% 26
\BOOKMARK [2][-]{subsection.6.1}{\376\377\000S\000t\000r\000u\000c\000t\000u\000r\000e}{section.6}% 27
\BOOKMARK [2][-]{subsection.6.2}{\376\377\000S\000c\000e\000n\000a\000r\000i\000o\000\040\000F\000o\000r\000m\000a\000t}{section.6}% 28
\BOOKMARK [1][-]{section.7}{\376\377\000N\000e\000x\000t\000\040\000S\000t\000e\000p\000s}{}% 29
