\BOOKMARK [0][-]{Doc-Start}{\376\377\000A\000B\000S\000T\000R\000A\000C\000T}{}% 1
\BOOKMARK [0][-]{Doc-Start}{\376\377\000T\000A\000B\000L\000E\000\040\000O\000F\000\040\000C\000O\000N\000T\000E\000N\000T\000S}{}% 2
\BOOKMARK [0][-]{Doc-Start}{\376\377\000L\000I\000S\000T\000\040\000O\000F\000\040\000T\000A\000B\000L\000E\000S}{}% 3
\BOOKMARK [0][-]{Doc-Start}{\376\377\000L\000I\000S\000T\000\040\000O\000F\000\040\000S\000Y\000M\000B\000O\000L\000S\000/\000A\000B\000B\000R\000E\000V\000I\000A\000T\000I\000O\000N\000S}{}% 4
\BOOKMARK [0][-]{chapter.1}{\376\377\000I\000n\000t\000r\000o\000d\000u\000c\000t\000i\000o\000n}{}% 5
\BOOKMARK [1][-]{section.1.1}{\376\377\000P\000r\000o\000b\000l\000e\000m\000\040\000S\000t\000a\000t\000e\000m\000e\000n\000t}{chapter.1}% 6
\BOOKMARK [1][-]{section.1.2}{\376\377\000O\000b\000j\000e\000c\000t\000i\000v\000e\000s}{chapter.1}% 7
\BOOKMARK [1][-]{section.1.3}{\376\377\000S\000c\000o\000p\000e}{chapter.1}% 8
\BOOKMARK [0][-]{chapter.2}{\376\377\000R\000e\000v\000i\000e\000w\000\040\000o\000f\000\040\000L\000i\000t\000e\000r\000a\000t\000u\000r\000e}{}% 9
\BOOKMARK [1][-]{section.2.1}{\376\377\000L\000a\000r\000g\000e\000\040\000L\000a\000n\000g\000u\000a\000g\000e\000\040\000M\000o\000d\000e\000l\000s}{chapter.2}% 10
\BOOKMARK [2][-]{subsection.2.1.1}{\376\377\000S\000c\000a\000l\000i\000n\000g\000\040\000L\000a\000w\000s\000\040\000a\000n\000d\000\040\000E\000m\000e\000r\000g\000e\000n\000c\000e}{section.2.1}% 11
\BOOKMARK [2][-]{subsection.2.1.2}{\376\377\000C\000u\000r\000r\000e\000n\000t\000\040\000L\000a\000n\000d\000s\000c\000a\000p\000e}{section.2.1}% 12
\BOOKMARK [1][-]{section.2.2}{\376\377\000A\000I\000\040\000A\000g\000e\000n\000t\000s\000:\000\040\000F\000r\000o\000m\000\040\000R\000e\000A\000c\000t\000\040\000t\000o\000\040\000M\000o\000d\000e\000r\000n\000\040\000A\000r\000c\000h\000i\000t\000e\000c\000t\000u\000r\000e\000s}{chapter.2}% 13
\BOOKMARK [2][-]{subsection.2.2.1}{\376\377\000F\000o\000u\000n\000d\000a\000t\000i\000o\000n\000a\000l\000\040\000W\000o\000r\000k\000:\000\040\000R\000e\000A\000c\000t}{section.2.2}% 14
\BOOKMARK [2][-]{subsection.2.2.2}{\376\377\000B\000e\000y\000o\000n\000d\000\040\000R\000e\000A\000c\000t\000:\000\040\000M\000o\000d\000e\000r\000n\000\040\000A\000g\000e\000n\000t\000\040\000P\000a\000r\000a\000d\000i\000g\000m\000s}{section.2.2}% 15
\BOOKMARK [2][-]{subsection.2.2.3}{\376\377\000C\000l\000a\000u\000d\000e\000\040\000C\000o\000d\000e\000\040\000a\000s\000\040\000a\000\040\000S\000t\000a\000t\000e\000-\000o\000f\000-\000t\000h\000e\000-\000A\000r\000t\000\040\000A\000g\000e\000n\000t}{section.2.2}% 16
\BOOKMARK [2][-]{subsection.2.2.4}{\376\377\000T\000o\000o\000l\000\040\000U\000s\000e\000\040\000i\000n\000\040\000L\000L\000M\000s}{section.2.2}% 17
\BOOKMARK [1][-]{section.2.3}{\376\377\000M\000o\000d\000e\000l\000\040\000C\000o\000n\000t\000e\000x\000t\000\040\000P\000r\000o\000t\000o\000c\000o\000l}{chapter.2}% 18
\BOOKMARK [1][-]{section.2.4}{\376\377\000S\000u\000p\000p\000l\000y\000\040\000C\000h\000a\000i\000n\000\040\000M\000a\000n\000a\000g\000e\000m\000e\000n\000t\000:\000\040\000F\000r\000a\000g\000m\000e\000n\000t\000a\000t\000i\000o\000n\000\040\000a\000n\000d\000\040\000V\000i\000s\000i\000b\000i\000l\000i\000t\000y}{chapter.2}% 19
\BOOKMARK [1][-]{section.2.5}{\376\377\000A\000I\000\040\000a\000n\000d\000\040\000L\000L\000M\000\040\000A\000p\000p\000l\000i\000c\000a\000t\000i\000o\000n\000s\000\040\000i\000n\000\040\000S\000u\000p\000p\000l\000y\000\040\000C\000h\000a\000i\000n\000\040\000\050\0002\0000\0002\0003\040\023\0002\0000\0002\0006\000\051}{chapter.2}% 20
\BOOKMARK [2][-]{subsection.2.5.1}{\376\377\000M\000u\000l\000t\000i\000-\000A\000g\000e\000n\000t\000\040\000S\000u\000p\000p\000l\000y\000\040\000C\000h\000a\000i\000n\000\040\000S\000y\000s\000t\000e\000m\000s}{section.2.5}% 21
\BOOKMARK [2][-]{subsection.2.5.2}{\376\377\000D\000i\000a\000g\000n\000o\000s\000t\000i\000c\000\040\000a\000n\000d\000\040\000K\000n\000o\000w\000l\000e\000d\000g\000e\000-\000B\000a\000s\000e\000d\000\040\000A\000p\000p\000r\000o\000a\000c\000h\000e\000s}{section.2.5}% 22
\BOOKMARK [2][-]{subsection.2.5.3}{\376\377\000E\000m\000e\000r\000g\000i\000n\000g\000\040\000P\000a\000r\000a\000d\000i\000g\000m\000s}{section.2.5}% 23
\BOOKMARK [1][-]{section.2.6}{\376\377\000L\000L\000M\000-\000a\000s\000-\000J\000u\000d\000g\000e\000\040\000E\000v\000a\000l\000u\000a\000t\000i\000o\000n}{chapter.2}% 24
\BOOKMARK [1][-]{section.2.7}{\376\377\000R\000e\000s\000e\000a\000r\000c\000h\000\040\000G\000a\000p\000s}{chapter.2}% 25
\BOOKMARK [0][-]{chapter.3}{\376\377\000M\000e\000t\000h\000o\000d\000o\000l\000o\000g\000y}{}% 26
\BOOKMARK [1][-]{section.3.1}{\376\377\000O\000v\000e\000r\000a\000l\000l\000\040\000A\000p\000p\000r\000o\000a\000c\000h}{chapter.3}% 27
\BOOKMARK [1][-]{section.3.2}{\376\377\000S\000o\000f\000t\000w\000a\000r\000e\000\040\000A\000r\000c\000h\000i\000t\000e\000c\000t\000u\000r\000e\000:\000\040\000F\000o\000u\000r\000\040\000G\000o\000\040\000S\000e\000r\000v\000i\000c\000e\000s}{chapter.3}% 28
\BOOKMARK [2][-]{subsection.3.2.1}{\376\377\000S\000R\000M\000:\000\040\000S\000u\000p\000p\000l\000i\000e\000r\000\040\000R\000e\000l\000a\000t\000i\000o\000n\000s\000h\000i\000p\000\040\000M\000a\000n\000a\000g\000e\000m\000e\000n\000t}{section.3.2}% 29
\BOOKMARK [2][-]{subsection.3.2.2}{\376\377\000W\000M\000S\000:\000\040\000W\000a\000r\000e\000h\000o\000u\000s\000e\000\040\000M\000a\000n\000a\000g\000e\000m\000e\000n\000t\000\040\000S\000y\000s\000t\000e\000m}{section.3.2}% 30
\BOOKMARK [2][-]{subsection.3.2.3}{\376\377\000O\000M\000S\000:\000\040\000O\000r\000d\000e\000r\000\040\000M\000a\000n\000a\000g\000e\000m\000e\000n\000t\000\040\000S\000y\000s\000t\000e\000m}{section.3.2}% 31
\BOOKMARK [2][-]{subsection.3.2.4}{\376\377\000T\000M\000S\000:\000\040\000T\000r\000a\000n\000s\000p\000o\000r\000t\000\040\000M\000a\000n\000a\000g\000e\000m\000e\000n\000t\000\040\000S\000y\000s\000t\000e\000m}{section.3.2}% 32
\BOOKMARK [1][-]{section.3.3}{\376\377\000M\000C\000P\000\040\000I\000n\000t\000e\000g\000r\000a\000t\000i\000o\000n\000\040\000L\000a\000y\000e\000r}{chapter.3}% 33
\BOOKMARK [1][-]{section.3.4}{\376\377\000A\000I\000\040\000A\000g\000e\000n\000t\000:\000\040\000C\000l\000a\000u\000d\000e\000\040\000C\000o\000d\000e\000\040\000i\000n\000\040\000a\000\040\000D\000e\000d\000i\000c\000a\000t\000e\000d\000\040\000P\000r\000o\000j\000e\000c\000t}{chapter.3}% 34
\BOOKMARK [1][-]{section.3.5}{\376\377\000U\000s\000e\000\040\000C\000a\000s\000e\000s}{chapter.3}% 35
\BOOKMARK [1][-]{section.3.6}{\376\377\000E\000v\000a\000l\000u\000a\000t\000i\000o\000n\000:\000\040\000L\000L\000M\000-\000a\000s\000-\000J\000u\000d\000g\000e\000\040\000P\000i\000p\000e\000l\000i\000n\000e}{chapter.3}% 36
\BOOKMARK [2][-]{subsection.3.6.1}{\376\377\000J\000u\000d\000g\000e\000\040\000E\000v\000a\000l\000u\000a\000t\000i\000o\000n\000\040\000C\000r\000i\000t\000e\000r\000i\000a}{section.3.6}% 37
\BOOKMARK [2][-]{subsection.3.6.2}{\376\377\000E\000v\000a\000l\000u\000a\000t\000i\000o\000n\000\040\000P\000r\000o\000t\000o\000c\000o\000l}{section.3.6}% 38
\BOOKMARK [1][-]{section.3.7}{\376\377\000D\000e\000v\000e\000l\000o\000p\000m\000e\000n\000t\000\040\000T\000i\000m\000e\000l\000i\000n\000e}{chapter.3}% 39
\BOOKMARK [0][-]{chapter.4}{\376\377\000E\000x\000p\000e\000c\000t\000e\000d\000\040\000O\000u\000t\000p\000u\000t\000s}{}% 40
\BOOKMARK [1][-]{section.4.1}{\376\377\000W\000h\000a\000t\000\040\000W\000e\000\040\000E\000x\000p\000e\000c\000t\000\040\000f\000r\000o\000m\000\040\000t\000h\000e\000\040\000A\000g\000e\000n\000t}{chapter.4}% 41
\BOOKMARK [1][-]{section.4.2}{\376\377\000P\000r\000o\000j\000e\000c\000t\000\040\000D\000e\000l\000i\000v\000e\000r\000a\000b\000l\000e\000s}{chapter.4}% 42
\BOOKMARK [1][-]{section.4.3}{\376\377\000R\000e\000s\000e\000a\000r\000c\000h\000\040\000C\000o\000n\000t\000r\000i\000b\000u\000t\000i\000o\000n\000s}{chapter.4}% 43
\BOOKMARK [1][-]{section.4.4}{\376\377\000K\000n\000o\000w\000l\000e\000d\000g\000e\000\040\000G\000a\000i\000n\000e\000d}{chapter.4}% 44
\BOOKMARK [2][-]{subsection.4.4.1}{\376\377\000S\000u\000p\000p\000l\000y\000\040\000C\000h\000a\000i\000n\000\040\000D\000o\000m\000a\000i\000n}{section.4.4}% 45
\BOOKMARK [2][-]{subsection.4.4.2}{\376\377\000S\000o\000f\000t\000w\000a\000r\000e\000\040\000E\000n\000g\000i\000n\000e\000e\000r\000i\000n\000g}{section.4.4}% 46
\BOOKMARK [2][-]{subsection.4.4.3}{\376\377\000A\000I\000\040\000a\000n\000d\000\040\000A\000g\000e\000n\000t\000\040\000E\000n\000g\000i\000n\000e\000e\000r\000i\000n\000g}{section.4.4}% 47
\BOOKMARK [0][-]{chapter.5}{\376\377\000P\000r\000o\000g\000r\000e\000s\000s\000\040\000P\000l\000a\000n}{}% 48
\BOOKMARK [1][-]{section.5.1}{\376\377\000C\000o\000m\000p\000l\000e\000t\000e\000d\000\040\000W\000o\000r\000k\000\040\000\050\000W\000e\000e\000k\000s\000\040\0001\040\023\0005\000\051}{chapter.5}% 49
\BOOKMARK [1][-]{section.5.2}{\376\377\000R\000e\000m\000a\000i\000n\000i\000n\000g\000\040\000W\000o\000r\000k\000\040\000\050\000M\000a\000r\000c\000h\000\040\0001\0006\000\040\000t\000o\000\040\000A\000p\000r\000i\000l\000\040\0001\0006\000\051}{chapter.5}% 50
\BOOKMARK [1][-]{section.5.3}{\376\377\000R\000i\000s\000k\000\040\000A\000s\000s\000e\000s\000s\000m\000e\000n\000t}{chapter.5}% 51
\BOOKMARK [0][-]{table.caption.15}{\376\377\000R\000E\000F\000E\000R\000E\000N\000C\000E\000S}{}% 52
\BOOKMARK [0][-]{chapter*.16}{\376\377\000A\000P\000P\000E\000N\000D\000I\000C\000E\000S}{}% 53
\BOOKMARK [0][-]{appendix.A}{\376\377\000S\000u\000p\000p\000l\000e\000m\000e\000n\000t\000a\000r\000y\000\040\000M\000a\000t\000e\000r\000i\000a\000l}{}% 54
